<?xml version="1.0" encoding="UTF-8"?>
<TestRun id="895938c4-5e90-4d53-abb2-b38b43647e4b" name="Виталий@BIT 2013-11-22 00:58:23" runUser="BIT\Виталий" xmlns="http://microsoft.com/schemas/VisualStudio/TeamTest/2010">
  <TestSettings name="Локальные" id="43e8f2e4-915d-42ee-9caa-1579fa5403cf">
    <Description>Это - параметры по умолчанию для локального тестового запуска.</Description>
    <Deployment enabled="false" runDeploymentRoot="Виталий_BIT 2013-11-22 00_58_23">
      <DeploymentItem filename="D:\forgit\TPlab4\TPlab4\TPlab4\bin\Debug\TPlab4.exe" />
    </Deployment>
    <Execution>
      <TestTypeSpecific />
      <AgentRule name="Execution Agents">
      </AgentRule>
    </Execution>
  </TestSettings>
  <Times creation="2013-11-22T00:58:23.7513282+03:00" queuing="2013-11-22T00:58:23.8753353+03:00" start="2013-11-22T00:58:23.9063371+03:00" finish="2013-11-22T00:58:25.4294242+03:00" />
  <ResultSummary outcome="Completed">
    <Counters total="8" executed="8" passed="8" error="0" failed="0" timeout="0" aborted="0" inconclusive="0" passedButRunAborted="0" notRunnable="0" notExecuted="0" disconnected="0" warning="0" completed="0" inProgress="0" pending="0" />
  </ResultSummary>
  <TestDefinitions>
    <UnitTest name="TestMonthPass" storage="d:\forgit\tplab4\tplab4\testtplab4\bin\debug\testtplab4.dll" id="134de63e-aad1-5759-9f27-d2edfad63ae1">
      <Execution id="51b2d3e3-2969-4e07-86fd-cc7f989f7805" />
      <TestMethod codeBase="D:/forgit/TPlab4/TPlab4/TestTPlab4/bin/Debug/TestTPlab4.DLL" adapterTypeName="Microsoft.VisualStudio.TestTools.TestTypes.Unit.UnitTestAdapter, Microsoft.VisualStudio.QualityTools.Tips.UnitTest.Adapter, Version=10.0.0.0, Culture=neutral, PublicKeyToken=b03f5f7f11d50a3a" className="TestTPlab4.CheckingAccountTest, TestTPlab4, Version=1.0.0.0, Culture=neutral, PublicKeyToken=null" name="TestMonthPass" />
    </UnitTest>
    <UnitTest name="TestTakeFunds" storage="d:\forgit\tplab4\tplab4\testtplab4\bin\debug\testtplab4.dll" id="bf980352-5ee3-aeef-e438-339ad2c18c5e">
      <Execution id="7e874183-fae1-438e-99c5-7b046a864dcd" />
      <TestMethod codeBase="D:/forgit/TPlab4/TPlab4/TestTPlab4/bin/Debug/TestTPlab4.DLL" adapterTypeName="Microsoft.VisualStudio.TestTools.TestTypes.Unit.UnitTestAdapter, Microsoft.VisualStudio.QualityTools.Tips.UnitTest.Adapter, Version=10.0.0.0, Culture=neutral, PublicKeyToken=b03f5f7f11d50a3a" className="TestTPlab4.AccountTest, TestTPlab4, Version=1.0.0.0, Culture=neutral, PublicKeyToken=null" name="TestTakeFunds" />
    </UnitTest>
    <UnitTest name="TestAddMoney" storage="d:\forgit\tplab4\tplab4\testtplab4\bin\debug\testtplab4.dll" id="4297d39c-ba23-cf48-9be0-9e7a29dc828e">
      <Execution id="739dfdfa-2a22-4263-9dc1-eb1c49faa5a5" />
      <TestMethod codeBase="D:/forgit/TPlab4/TPlab4/TestTPlab4/bin/Debug/TestTPlab4.DLL" adapterTypeName="Microsoft.VisualStudio.TestTools.TestTypes.Unit.UnitTestAdapter, Microsoft.VisualStudio.QualityTools.Tips.UnitTest.Adapter, Version=10.0.0.0, Culture=neutral, PublicKeyToken=b03f5f7f11d50a3a" className="TestTPlab4.AccountTest, TestTPlab4, Version=1.0.0.0, Culture=neutral, PublicKeyToken=null" name="TestAddMoney" />
    </UnitTest>
    <UnitTest name="TestTakeFunds" storage="d:\forgit\tplab4\tplab4\testtplab4\bin\debug\testtplab4.dll" id="3018a74a-aebd-e8ea-8854-914e2e810251">
      <Execution id="952f68d1-ce4d-45bd-8472-6c5e785d03b4" />
      <TestMethod codeBase="D:/forgit/TPlab4/TPlab4/TestTPlab4/bin/Debug/TestTPlab4.DLL" adapterTypeName="Microsoft.VisualStudio.TestTools.TestTypes.Unit.UnitTestAdapter, Microsoft.VisualStudio.QualityTools.Tips.UnitTest.Adapter, Version=10.0.0.0, Culture=neutral, PublicKeyToken=b03f5f7f11d50a3a" className="TestTPlab4.SavingAccountTest, TestTPlab4, Version=1.0.0.0, Culture=neutral, PublicKeyToken=null" name="TestTakeFunds" />
    </UnitTest>
    <UnitTest name="TestDateMoney" storage="d:\forgit\tplab4\tplab4\testtplab4\bin\debug\testtplab4.dll" id="15925deb-0134-a919-246b-03b0252e204b">
      <Execution id="57eff348-1838-442e-aedd-e1271031d173" />
      <TestMethod codeBase="D:/forgit/TPlab4/TPlab4/TestTPlab4/bin/Debug/TestTPlab4.DLL" adapterTypeName="Microsoft.VisualStudio.TestTools.TestTypes.Unit.UnitTestAdapter, Microsoft.VisualStudio.QualityTools.Tips.UnitTest.Adapter, Version=10.0.0.0, Culture=neutral, PublicKeyToken=b03f5f7f11d50a3a" className="TestTPlab4.TimedRepaidTest, TestTPlab4, Version=1.0.0.0, Culture=neutral, PublicKeyToken=null" name="TestDateMoney" />
    </UnitTest>
    <UnitTest name="TestTakeMoneyPercent" storage="d:\forgit\tplab4\tplab4\testtplab4\bin\debug\testtplab4.dll" id="2cb3dac5-421b-f517-e35a-2ac9cdc35e40">
      <Execution id="d860aae1-0578-4dda-9a92-36f1c017b4e9" />
      <TestMethod codeBase="D:/forgit/TPlab4/TPlab4/TestTPlab4/bin/Debug/TestTPlab4.DLL" adapterTypeName="Microsoft.VisualStudio.TestTools.TestTypes.Unit.UnitTestAdapter, Microsoft.VisualStudio.QualityTools.Tips.UnitTest.Adapter, Version=10.0.0.0, Culture=neutral, PublicKeyToken=b03f5f7f11d50a3a" className="TestTPlab4.OverdraftAccountTest, TestTPlab4, Version=1.0.0.0, Culture=neutral, PublicKeyToken=null" name="TestTakeMoneyPercent" />
    </UnitTest>
    <UnitTest name="TestTakeMoney" storage="d:\forgit\tplab4\tplab4\testtplab4\bin\debug\testtplab4.dll" id="90ece50f-32a0-305a-c5ba-a5afc86a1422">
      <Execution id="1d30b4f4-7d23-48bc-a447-dd1582d16b07" />
      <TestMethod codeBase="D:/forgit/TPlab4/TPlab4/TestTPlab4/bin/Debug/TestTPlab4.DLL" adapterTypeName="Microsoft.VisualStudio.TestTools.TestTypes.Unit.UnitTestAdapter, Microsoft.VisualStudio.QualityTools.Tips.UnitTest.Adapter, Version=10.0.0.0, Culture=neutral, PublicKeyToken=b03f5f7f11d50a3a" className="TestTPlab4.AccountTest, TestTPlab4, Version=1.0.0.0, Culture=neutral, PublicKeyToken=null" name="TestTakeMoney" />
    </UnitTest>
    <UnitTest name="TestInvestFunds" storage="d:\forgit\tplab4\tplab4\testtplab4\bin\debug\testtplab4.dll" id="aaa4be66-c77a-afaf-81fb-d8c9c03b6403">
      <Execution id="a43d5db0-927d-48bb-875b-9b6ef1ccdfdb" />
      <TestMethod codeBase="D:/forgit/TPlab4/TPlab4/TestTPlab4/bin/Debug/TestTPlab4.DLL" adapterTypeName="Microsoft.VisualStudio.TestTools.TestTypes.Unit.UnitTestAdapter, Microsoft.VisualStudio.QualityTools.Tips.UnitTest.Adapter, Version=10.0.0.0, Culture=neutral, PublicKeyToken=b03f5f7f11d50a3a" className="TestTPlab4.AccountTest, TestTPlab4, Version=1.0.0.0, Culture=neutral, PublicKeyToken=null" name="TestInvestFunds" />
    </UnitTest>
  </TestDefinitions>
  <TestLists>
    <TestList name="Отсутствующие в списке результаты" id="8c84fa94-04c1-424b-9868-57a2d4851a1d" />
    <TestList name="Все загруженные результаты" id="19431567-8539-422a-85d7-44ee4e166bda" />
  </TestLists>
  <TestEntries>
    <TestEntry testId="4297d39c-ba23-cf48-9be0-9e7a29dc828e" executionId="739dfdfa-2a22-4263-9dc1-eb1c49faa5a5" testListId="8c84fa94-04c1-424b-9868-57a2d4851a1d" />
    <TestEntry testId="90ece50f-32a0-305a-c5ba-a5afc86a1422" executionId="1d30b4f4-7d23-48bc-a447-dd1582d16b07" testListId="8c84fa94-04c1-424b-9868-57a2d4851a1d" />
    <TestEntry testId="aaa4be66-c77a-afaf-81fb-d8c9c03b6403" executionId="a43d5db0-927d-48bb-875b-9b6ef1ccdfdb" testListId="8c84fa94-04c1-424b-9868-57a2d4851a1d" />
    <TestEntry testId="bf980352-5ee3-aeef-e438-339ad2c18c5e" executionId="7e874183-fae1-438e-99c5-7b046a864dcd" testListId="8c84fa94-04c1-424b-9868-57a2d4851a1d" />
    <TestEntry testId="3018a74a-aebd-e8ea-8854-914e2e810251" executionId="952f68d1-ce4d-45bd-8472-6c5e785d03b4" testListId="8c84fa94-04c1-424b-9868-57a2d4851a1d" />
    <TestEntry testId="134de63e-aad1-5759-9f27-d2edfad63ae1" executionId="51b2d3e3-2969-4e07-86fd-cc7f989f7805" testListId="8c84fa94-04c1-424b-9868-57a2d4851a1d" />
    <TestEntry testId="2cb3dac5-421b-f517-e35a-2ac9cdc35e40" executionId="d860aae1-0578-4dda-9a92-36f1c017b4e9" testListId="8c84fa94-04c1-424b-9868-57a2d4851a1d" />
    <TestEntry testId="15925deb-0134-a919-246b-03b0252e204b" executionId="57eff348-1838-442e-aedd-e1271031d173" testListId="8c84fa94-04c1-424b-9868-57a2d4851a1d" />
  </TestEntries>
  <Results>
    <UnitTestResult executionId="739dfdfa-2a22-4263-9dc1-eb1c49faa5a5" testId="4297d39c-ba23-cf48-9be0-9e7a29dc828e" testName="TestAddMoney" computerName="BIT" duration="00:00:00.0905078" startTime="2013-11-22T00:58:23.9373388+03:00" endTime="2013-11-22T00:58:24.9003939+03:00" testType="13cdc9d9-ddb5-4fa4-a97d-d965ccfc6d4b" outcome="Passed" testListId="8c84fa94-04c1-424b-9868-57a2d4851a1d" relativeResultsDirectory="739dfdfa-2a22-4263-9dc1-eb1c49faa5a5">
    </UnitTestResult>
    <UnitTestResult executionId="1d30b4f4-7d23-48bc-a447-dd1582d16b07" testId="90ece50f-32a0-305a-c5ba-a5afc86a1422" testName="TestTakeMoney" computerName="BIT" duration="00:00:00.0010971" startTime="2013-11-22T00:58:24.9053942+03:00" endTime="2013-11-22T00:58:24.9423963+03:00" testType="13cdc9d9-ddb5-4fa4-a97d-d965ccfc6d4b" outcome="Passed" testListId="8c84fa94-04c1-424b-9868-57a2d4851a1d" relativeResultsDirectory="1d30b4f4-7d23-48bc-a447-dd1582d16b07">
    </UnitTestResult>
    <UnitTestResult executionId="a43d5db0-927d-48bb-875b-9b6ef1ccdfdb" testId="aaa4be66-c77a-afaf-81fb-d8c9c03b6403" testName="TestInvestFunds" computerName="BIT" duration="00:00:00.0067085" startTime="2013-11-22T00:58:24.9563971+03:00" endTime="2013-11-22T00:58:24.9973995+03:00" testType="13cdc9d9-ddb5-4fa4-a97d-d965ccfc6d4b" outcome="Passed" testListId="8c84fa94-04c1-424b-9868-57a2d4851a1d" relativeResultsDirectory="a43d5db0-927d-48bb-875b-9b6ef1ccdfdb">
    </UnitTestResult>
    <UnitTestResult executionId="7e874183-fae1-438e-99c5-7b046a864dcd" testId="bf980352-5ee3-aeef-e438-339ad2c18c5e" testName="TestTakeFunds" computerName="BIT" duration="00:00:00.0058718" startTime="2013-11-22T00:58:25.0254011+03:00" endTime="2013-11-22T00:58:25.0664034+03:00" testType="13cdc9d9-ddb5-4fa4-a97d-d965ccfc6d4b" outcome="Passed" testListId="8c84fa94-04c1-424b-9868-57a2d4851a1d" relativeResultsDirectory="7e874183-fae1-438e-99c5-7b046a864dcd">
    </UnitTestResult>
    <UnitTestResult executionId="952f68d1-ce4d-45bd-8472-6c5e785d03b4" testId="3018a74a-aebd-e8ea-8854-914e2e810251" testName="TestTakeFunds" computerName="BIT" duration="00:00:00.0146809" startTime="2013-11-22T00:58:25.0834044+03:00" endTime="2013-11-22T00:58:25.1134061+03:00" testType="13cdc9d9-ddb5-4fa4-a97d-d965ccfc6d4b" outcome="Passed" testListId="8c84fa94-04c1-424b-9868-57a2d4851a1d" relativeResultsDirectory="952f68d1-ce4d-45bd-8472-6c5e785d03b4">
    </UnitTestResult>
    <UnitTestResult executionId="51b2d3e3-2969-4e07-86fd-cc7f989f7805" testId="134de63e-aad1-5759-9f27-d2edfad63ae1" testName="TestMonthPass" computerName="BIT" duration="00:00:00.0682019" startTime="2013-11-22T00:58:25.1364074+03:00" endTime="2013-11-22T00:58:25.2314129+03:00" testType="13cdc9d9-ddb5-4fa4-a97d-d965ccfc6d4b" outcome="Passed" testListId="8c84fa94-04c1-424b-9868-57a2d4851a1d" relativeResultsDirectory="51b2d3e3-2969-4e07-86fd-cc7f989f7805">
    </UnitTestResult>
    <UnitTestResult executionId="d860aae1-0578-4dda-9a92-36f1c017b4e9" testId="2cb3dac5-421b-f517-e35a-2ac9cdc35e40" testName="TestTakeMoneyPercent" computerName="BIT" duration="00:00:00.0028787" startTime="2013-11-22T00:58:25.2574143+03:00" endTime="2013-11-22T00:58:25.2914163+03:00" testType="13cdc9d9-ddb5-4fa4-a97d-d965ccfc6d4b" outcome="Passed" testListId="8c84fa94-04c1-424b-9868-57a2d4851a1d" relativeResultsDirectory="d860aae1-0578-4dda-9a92-36f1c017b4e9">
    </UnitTestResult>
    <UnitTestResult executionId="57eff348-1838-442e-aedd-e1271031d173" testId="15925deb-0134-a919-246b-03b0252e204b" testName="TestDateMoney" computerName="BIT" duration="00:00:00.0032197" startTime="2013-11-22T00:58:25.3234181+03:00" endTime="2013-11-22T00:58:25.3444193+03:00" testType="13cdc9d9-ddb5-4fa4-a97d-d965ccfc6d4b" outcome="Passed" testListId="8c84fa94-04c1-424b-9868-57a2d4851a1d" relativeResultsDirectory="57eff348-1838-442e-aedd-e1271031d173">
    </UnitTestResult>
  </Results>
</TestRun>